576873480
5683639
304394701
402392637
369711062
269420915
519664494
832229816
