147591088
195059542
530065956
114040082
573888282
271366137
828155164
142284658
532945912
667766160
597811311
687555330
460588245
554680665
291756657
184260998
138833480
219357158
316086847
36985926
919725318
874332347
343552022
97871345
539298801
134858755
726395268
192773580
147848872
