275186727
824482804
518869573
787652498
811074431
392693967
304394701
658214825
269420915
