103131504
677424793
612955947
482361088
56249491
241802082
981043477
312450027
376671503
881779447
672789790
980141720
552589473
255840229
718461253
623131616
951234175
419333973
273207878
56249491
130003129
810370359
56249491
823798411
419333973
170399885
810370359
639909956
466486836
599807473
482361088
980141720
676689719
103131504
981043477
459405516
991943513
