116509860
881779447
676689719
670858904
241802082
56249491
312450027
635707616
676689719
217689433
670858904
670858904
562992784
142382092
376671503
351513474
376671503
459405516
951234175
635707616
642654783
718461253
100543565
419333973
56249491
676689719
721568908
981043477
273207878
273207878
951234175
266177107
103131504
892187321
881779447
676689719
398885785
599807473
904799209
676689719
