482361088
639909956
312450027
312450027
351513474
100543565
599807473
198734243
991943513
217689433
241802082
142382092
459405516
266177107
266177107
816064847
980141720
980141720
466486836
562992784
676689719
312450027
266177107
170325148
351513474
562992784
472606716
351513474
116509860
742820472
216191719
116509860
459405516
