612955947
312450027
599807473
482361088
266177107
466486836
597825754
670858904
942906793
623131616
142382092
351513474
892187321
981043477
742820472
998432931
241802082
981043477
2991045
216191719
998432931
597825754
