179362744
871504337
57868746
688281960
985899922
890821672
929320871
783243895
578554941
106154329
447329019
918750187
869904827
783311150
152201777
220046716
712930857
749735674
160115778
326794857
271512854
853929352
307316661
593367349
388116114
513878197
351622543
244661400
329107004
89324706
1199448
967201948
