144794747
775999682
788822458
351622543
156317596
857628789
666760983
25403431
24085959
906727303
484688741
478970324
59445945
216615959
873104418
806771845
268277194
160115778
666760983
113639206
784128804
589551752
74258288
721163499
526927074
148950919
120979802
397440311
455573080
809903487
29751567
404711531
806771845
